0000114c
ffffd7d1
0000a298
00001e8a
ffff2a73
ffffb27d
fffff50e
ffff6b93
ffff756d
ffff4f93
ffff90ec
0000d0e8
ffffca19
ffffa60e
ffff7bbc
00007e88
00005700
ffffee71
ffffdb3b
ffff0aa9
ffffa911
00009403
00002760
0000752a
ffff7c05
ffff4acc
ffff37f0
00006411
ffff66d2
fffee9f0
0000bd78
00005136
ffffbd98
0000028e
0000035f
ffff705f
ffffb4fe
ffff960a
ffff2818
00006193
000036ce
0000314f
ffff0dba
ffffbe4a
ffff678a
0000b42f
ffffcfb9
00003f1a
ffffb974
ffffeb3e
0000941d
00002ec2
ffff9bea
0001ae4a
ffff5cf9
ffff825b
00000868
0001070b
ffffccd2
ffff1022
ffffb2fe
ffffcb61
00009eca
ffffe354
ffff7cf3
0000d1c4
ffffa995
ffffa873
00011be5
000008e7
0000244c
00008245
0000147d
ffffc2d9
ffff35fc
0000c337
000057c6
00001c15
00004602
000040df
ffffdc98
ffffbf56
ffffec20
ffffaec5
00003c2b
0000286a
ffff34de
ffff924b
ffffb55f
fffff9a4
000080d6
ffff613e
00000cea
0000243a
00008e7b
ffffc469
00001231
00002be0
ffffc020
ffff9f55
0000ba24
fffef146
ffff4d9d
00000afb
ffff53fb
ffff6ad8
0000532b
00003466
ffffa086
ffff4d9c
0000eef4
ffffd2b9
000019f2
00006d00
ffff3740
00006294
ffff7978
00009eec
00000153
000057c5
0000b4af
00005981
00008a88
000066d9
00000eec
ffff69fb
ffff8b58
ffff54d5
ffff66e9
00005818
000070af
0000296e
ffffebd8
ffffde60
00005952
ffff8f5f
ffffa447
0000a537
000098c7
0000440c
ffff8dbe
ffffaf27
00004cd9
ffff9e0d
ffff9e43
00007468
00002d64
ffff9dfe
00000781
0000251f
00007901
ffffb510
fffff527
00002ce5
ffffec59
00008987
00000028
fffff8e0
00006df4
ffff3d37
ffffab17
ffffb9af
ffffb3da
00001406
00004758
00005641
00001c71
000058bd
ffff9068
0000428e
000023cc
0000d8d9
ffff74c6
ffffc5a5
0000dfbd
0000476c
000038bf
ffff97d3
0000a844
ffffa19a
00000950
ffff81d7
ffffc704
ffffd33e
fffff077
0000cca0
ffffe61b
000031c1
00002187
0000318f
0000807e
ffffea29
ffffe83c
0000b7e4
00003665
ffffac1a
ffff7494
00002f03
00003d94
ffffdd46
fffffbe3
ffff29f9
ffffa10c
0000464c
ffffef44
0000632a
000027b7
00003772
ffff4e83
00008f96
000046be
fffffd39
00006053
ffff356d
ffff67bc
ffffbb52
000051db
00004621
0000457c
00004e06
00011408
00002341
ffffc83a
ffff7320
ffff903a
0000b746
00002af2
00001dcc
ffff9544
ffffea65
fffff402
000066f9
00007851
ffff93ac
00000f31
00000009
00002e06
ffffeb45
000015f2
ffffb551
0000639a
00004b2e
ffffca2f
0000d5a3
ffffe96c
ffff7a06
ffffe38b
0000c070
ffffe2f1
0000edeb
fffff3fa
00003439
ffffd7d6
ffff320b
000012b8
00000513
000030b4
000039be
fffffd78
ffffabaa
00007f92
00005ae3
ffffe3cb
ffff8567
ffff677a
ffff8071
ffffc166
0000bd60
00008050
0000c406
ffff7e66
0000188e
00006acf
ffffd5c1
ffff2bfb
ffffdf61
ffffae94
00001c18
ffff8cd5
ffffa741
00002518
ffffda23
000004ce
ffffb6f4
00004222
0000e146
ffff0ce4
ffffce80
000068f2
ffffe8e4
000041e7
000094a6
00002cb4
ffff7783
ffffdffa
00003263
000089d7
00006ba2
ffff9556
ffff97bc
fffffd47
000098a6
00007f06
00006c41
00010eed
0000b25f
ffff76e1
00009295
00001628
000010ef
ffffd2cc
ffff1296
ffff712d
00016a52
ffff2958
00008f4e
ffff9a53
ffff86b5
00000993
000071a6
ffffdd97
00003280
fffff978
000099d6
0000e4ff
ffffc8c3
ffffba1c
ffffa59c
ffff861c
ffffdd54
ffffef42
00007362
00008364
000021fa
ffffff9a
fffff0f9
00004b66
ffffa4f0
ffffcdee
ffffe812
fffefb31
ffffc437
00004bc7
ffffe63a
ffffd16b
00005b2f
00007e31
0000026d
000087ac
0000424b
00002aed
ffffea98
000058cf
00001a0b
ffffd051
ffffcb64
00003525
ffff42c6
ffff87e9
00003cd1
00003571
ffffd598
ffffdcf4
000048d7
00004f87
00005895
ffffc043
00006c37
ffffd343
ffffc572
ffff9ec2
ffff834d
0000a5a7
0000deb3
00006d31
ffffec4b
ffff6728
0000e3c0
ffff37d9
ffffa4f6
0000611e
00006832
00009316
ffffaf13
00002351
ffff9e7d
00000db7
fffff436
ffffc20c
ffff6bea
00002acc
fffff86c
00003ae2
ffff960e
000093d9
ffffe2a4
fffff4ba
ffff3c43
ffffccfe
fffff71d
00006b85
fffff040
000071e1
ffffedd6
00007a87
fffff6bb
ffffdb29
000092e4
ffffe5cc
00005b9e
00005eb0
00001842
0000065a
fffffd01
ffffef34
ffffd7b9
00000b62
00004d8f
00005cc9
00002500
ffffa2d6
00007fc3
0000530d
ffff3dd4
00003879
ffff7bf1
00007d90
ffff1c3e
ffffd203
ffffda4b
ffffdf8b
0000bbfa
00003052
0000880b
ffff36f5
00000ad2
00010c8e
ffffb8f9
00009c51
ffffe013
ffff7743
000080d7
00002f5a
00002af0
0000dddb
ffffeda2
ffff7a35
ffffb45d
0000cbc2
ffffec2f
0000db6f
00002f4e
00004059
0001167f
000164c4
ffffe70e
fffee29d
0000a09f
ffffcbda
00007c71
000069e3
0000a8c5
00000523
00005e80
00004788
ffffd888
00006ea9
ffff9c29
ffffb330
ffff06ed
ffffd257
ffffb3cf
ffff9706
ffffd275
0000676e
0000c65c
0000bc86
00003b40
0000a247
ffffcef0
0000a5cc
ffffce01
000050a0
0000955c
ffffef7a
00002fd8
ffff817f
000015b2
0000bebe
ffff6bd0
ffffd5a7
ffffe14a
0000162e
00003a13
ffffb853
ffffacea
00000916
ffffe0dc
ffff1da0
00005fb7
fffef052
ffffca54
0000d20c
000036b7
0000240f
000009c6
ffff98d4
ffffb53f
ffff8edf
00008800
0000b7d8
ffff8332
ffff8548
