ffff8073
ffffc937
0000831c
ffffe181
ffff893a
0000353a
0000b459
ffffe09c
ffff1533
000026de
ffff22ad
000036ce
ffffb384
ffff6230
ffffd110
000056ed
00011309
ffffe519
ffffe812
ffff04a1
ffff9fbc
0000f0b1
0000c284
ffffa8c5
ffffde26
ffff2017
ffff92dd
0000f089
ffff76cd
fffdd185
0000ba3b
00005051
ffffb788
fffff576
00008d84
ffff45aa
ffff6bfe
00000c65
ffff991e
ffffde47
ffffff49
00000974
ffff1148
000026e0
ffff2aa3
ffffac67
00007733
ffff9ab7
00003c45
ffffc7dc
0000db16
fffffc1f
00005262
00028dd6
ffffdf88
fffef61a
0000dfa6
00016887
00005900
ffff1cda
0000565b
ffff5049
00007a42
0000069b
fffef6b3
000062a4
00007561
ffff1a39
0000c84d
ffffa4f9
00000341
00002226
ffffbff1
ffff6d86
ffff4090
0000b90d
00005dea
ffffd6c6
00001206
00008807
ffff2116
ffffd344
0000168e
fffeff0e
000022ca
00009a99
fffebad9
fffeee5b
ffff56ea
ffffdf85
0000a9d3
ffffa1d6
00002d50
000081cc
00005bd3
000038ac
000025cf
ffffb1d0
fffff213
ffff1d73
00019343
000042f0
00007286
000098eb
ffff6853
ffffeeb7
ffffad7a
0000c97c
ffffe33e
ffff06b7
0000da2d
ffffacb3
00001352
0000d573
ffff7a76
0000c0a0
ffff3ff3
00008754
ffffeecd
ffffdc73
000123e6
ffffe30d
00002dcc
00009ac9
ffff56b8
00001199
ffff9c56
ffff9b0d
fffeeebf
fffff3e6
0000ba91
0000a35d
00008fbc
00001941
00001a5d
ffffc95d
000015d5
000066b3
00015f72
ffffe3c9
ffff6b86
0000187c
00008237
ffff65ff
ffff8898
00009ce2
ffff873f
ffff5f2d
fffff833
000094a2
0000a81a
ffff5dbd
00002048
00002d5f
000060e7
00006ac5
ffffa6e6
000018ad
0000583a
ffff30c7
00000ed2
ffff494e
ffffa275
00001e4f
00012cbd
ffffa4d6
000011e7
ffffc3d7
ffff8942
00007e20
ffffc091
000084f8
00006f4c
00009fd8
0000edf4
00012d1e
00004e72
ffff8b64
00014bf3
00005ed9
0000d1de
ffff7701
ffffb328
ffffd58f
ffffc656
0000b6be
ffffa800
ffffdf45
ffffeb94
fffffa96
0000481e
ffffefab
000009ab
0000fe12
0000b13b
fffffa6f
ffff7ea2
ffffe972
00004707
ffff23b7
0000e54e
ffff1461
fffe7fde
00017cc7
00000b3b
ffffda2d
000012ea
ffffa147
ffff65c1
000053eb
0000401d
00005bd9
0000314c
fffff085
fffeee37
ffffd5b3
0000d74e
000087bc
000017ea
0000fae9
00013d37
00007385
ffff1265
fffef037
ffffc76a
0001ad7a
ffff3873
ffffe122
0000242b
ffff2430
00000c62
ffff4bcb
000145db
000023d5
ffffc9b1
ffff79c4
00002554
00002260
000026d0
ffff8d3f
0000c04a
0000e0ba
ffff514d
0000a2ff
fffff328
ffff433c
ffffc8cb
00011a3d
000034ad
00017c12
fffff335
00006e9e
0000433b
ffff2c4a
ffff1601
ffff4657
ffff7b58
0000443c
ffff951b
ffffd9bd
fffffd77
00009b05
ffffccf7
00002e7f
fffeed6a
000053da
ffff1de5
00006994
0000d786
00008a0c
ffff83cd
0000595e
00003319
ffff1db7
fffec4ef
000055b0
ffff2b4c
00000c7b
0000161a
fffee593
00009cdf
0000df60
00001da2
ffffdde3
0000e315
00014bd1
ffffc0b6
000078a6
0000df1f
ffff7cbd
fffff2c5
00002ef6
0000563d
ffff3f8c
ffff99c1
000035eb
0000b256
00001d3a
ffffdcae
00000ddc
00007843
00010231
00008f3d
fffff86d
000078fc
00009689
ffff688f
000187b6
ffff999d
ffffd50a
ffffcca2
fffedee1
ffff4c79
00016e84
fffe3e5b
0000e837
ffffef13
ffff72e4
0000c72b
00009143
ffff73b3
00005810
ffffea95
00006937
0001161a
ffffc803
ffff4d11
fffed407
ffff9dfb
ffffe9c3
00006859
0000a2f2
0000d3aa
00009a14
ffff8ee7
00001041
ffff46dd
ffff6f7a
ffff4b9d
ffff6b59
ffff8846
0000792f
0000b9ae
000000a1
00009fa3
ffff7663
0000ed20
ffffcc4c
0000589c
00002b3d
ffffa2e8
fffff419
00009edc
0000311b
ffffc863
00000bdb
000090b0
ffff93ea
ffffb20a
ffffe219
00005b88
0000b3f9
ffffc3cb
00001a1e
ffffe823
00000dfa
ffffc0d9
ffffd37b
ffff17b1
ffff9508
ffff3efd
00000a24
00015461
00012b23
0000e686
0000e661
ffff656d
00006f38
ffff5e55
0000083d
0001093e
0000afe0
000078e2
ffffe3db
ffffcc36
ffff4ea6
ffffb60f
000022cd
0000356e
ffff1bbb
00000f93
00005188
00008934
00000acc
0000851d
ffffae80
ffff4028
ffffb4e7
00001a03
ffffbf7c
000006a2
00008bb8
0000d575
ffffe58c
0000199e
ffff143d
00005b8a
00010381
00000b65
000140ec
00000e6d
00009877
ffffcc5e
000006fa
ffffdaff
ffff84de
ffff6cd8
00003b14
0000ad60
ffffc6d8
ffff895f
000098fc
000091be
ffff9f39
ffffce3d
ffff7c8d
00010c15
fffe92fe
00007c56
0000170a
ffff2737
0000e797
000087a4
0000e530
ffff4a72
ffffcbe6
00019012
ffff9bf8
0000da6a
ffffa3f9
ffffb4bd
00006761
00005898
00001b5f
0000800e
ffffa3e9
ffffb6a1
00003989
00005cb0
ffff9ac7
000015c2
00001988
0000ce8f
0000382f
00014e68
0000764d
fffec327
0001558c
00000049
0000cb44
ffffac93
000046a8
00008b2a
000084f5
00006e80
ffff9bf7
00006c83
ffff4983
ffff77f6
fffe8cbf
ffffc6bd
fffea3cb
fffef589
ffff1f19
0000981c
00010c5a
00006d01
00000a83
00000016
00005477
00008979
ffff6602
0000cded
00009fa1
00004eb0
0000586b
ffff5197
00006c87
00017d8a
ffff9454
ffff4a17
fffff837
000074f9
0000276b
fffecaef
ffffc338
ffffeae6
00003a3d
fffe9aa5
00002d8a
ffff39c4
00008ad9
0000834c
00006dfb
00007ba6
00007873
ffff99c2
ffff735a
00003b4b
00011eed
00000138
ffff03a3
ffff4238
