9bd4069e
05888e30
e632c0c8
a0d0c002
c282321c
5195ce87
61ad6593
aae9cb46
ec1d63b1
ec7f0b73
dd366a01
bbc12531
15acb394
7e4472d3
3dc6825d
4cbc9186
759ed6ae
a714a2fe
4176353a
3c73b012
772daa9a
464cdfbc
28fbdc0b
c91f1b9a
472b5178
2a6ca356
a4f4d837
17f5468a
2b5bc61b
f04c7d09
de9f7054
13990f76
1e1205ab
5d00e45c
561ffb5f
8a79e928
5da1907a
845fa9c7
31e1bd25
189bb2ab
434b8f10
669461f7
c28f106d
c34131f5
c9ade6e9
55581e9d
5b1a3c52
2ac91a2c
49edc88e
cbc8433e
61ce2ccb
32ff5b4a
5742b941
7a610851
faaa8e0c
bf9735a6
621d97b2
e23a0053
cfc4d0c7
27d45f2b
24aa9a12
b14c2d4a
743c7560
96e402a8
46f46e7b
f518277d
131e55a3
d8d8b7c3
8db4e06d
1a0abc7e
07e4ea5f
dc5ea38b
b44aae7b
4626274c
217ec0f0
7ad81d07
f7416536
c57c5e5d
9867b643
9b39d5e2
f90d896d
d1c805a6
54e68c86
54bb9fa2
2f82b202
a10ba70e
1ac89316
06774055
6e5de41a
5322c65a
d8a5b2fb
20aeff6f
78738249
631822cc
bc113c86
b7dc6f23
c992ad96
af1a02ac
248c34c0
bbe8ece3
86b76d0a
de64fe08
4eb59af0
7bf37d97
8d64583b
651dd28d
fdd31213
10590d40
97f1e7c9
ee083edb
4d6640f0
c4161c48
fcba13b3
78632e66
64c84736
00cdcf14
e2f17b1a
37c8738f
4529f124
0e24d0d1
81ba8fdd
aef634bc
e320fca6
20c3df18
0c3b6f0b
ffbe1b20
262bf5d1
bae17fdf
9d781fdc
d25239b5
319a8c86
616f1bef
9bb8339d
3c50e43a
7067531d
b7e14ef8
ae090e35
ace35494
27e88162
3e5ba333
5e18f60b
85f8ce3e
e29fda60
b470b0fe
c4a49de8
83a85dc5
8b59414a
7d188506
6b731625
3be133df
f0fc14a5
d820515c
591367be
a0e9a869
27991163
74a0b2a9
43eeb600
bfcf36ca
53214459
ba360c0b
3962e3cf
fbafeeb5
513f9235
c1a346aa
dc771590
16c61135
06675d08
ef246abe
0e3153b9
f9789453
a533309a
442fd940
c42323a0
cc4e5814
2599fd69
f6bcc1c3
bf36b19e
98389ea5
1a4f6aa3
6d04445b
d9168e80
76aeffc6
8372662f
7e9108fa
7990399f
6d96c58c
503d9d50
8c5b7f1f
187fc5cf
eaf8269a
37e888f9
0d70c27b
9a934960
5d5d6893
0a32d8c7
c6f5d005
11eec5f6
52411594
2fe86334
455d5e09
e4c470fe
ce539b20
2e3a4987
1446184e
d8982feb
57e029ec
5388ec06
4ce1f1cf
e30f7efe
cdc9efda
d23f01c5
a3548122
9fac5830
5c74dd6b
f211561e
c5597581
cb0faac0
6a2b9492
d4030dc0
cf131dc0
8de152bb
4ae775cf
63a1fb4d
fbb608a0
5febd575
a5e6cb23
b6473cf5
7b5af55d
72661299
dc5e0d7c
645fd9c1
c93d19f2
a5b6c071
22404c7d
854e0059
6196b3c6
de5e5bae
612c2bbe
fdba708a
7d8765dd
120a8a3e
8b317523
093e395e
072cb5d8
d6514a17
9b149e95
c4933834
241c17b1
966bd105
a5928c2c
61177193
9df15258
36e51a45
439b1bf7
2c999eaf
1f0a6fa4
c64e4c93
3f915e94
610a1972
754f55d4
9376f4f9
6df4d9b7
32015b32
9b5f4807
f262653b
9b8e7973
317fafa7
2ebfaa65
7777b2ff
f6c5e7bd
6c7bb60b
b76082ba
b4b4b61c
c2395b36
d274730f
accbcb20
41f41be7
3646b56a
b3610472
c5f65429
f601124c
2a07dfdb
ad6d0b1f
77778330
6e77ff58
1dc26829
9a7fe516
b5ef5a91
9674a951
b1f04103
4486349c
4121b367
ba0b2090
333979f2
755a56bd
9a586a97
b007ebc0
bd9aa0a1
4af06f5b
552160f4
8dab38e7
038b6b0d
e2defd99
9b8995ed
9bef47c6
1721195a
a834d570
88a7459d
36b71b95
13014ad9
23ce2197
ac843702
451ae4cb
a687c470
93a3b68a
318891f0
e999bbd3
ef16e703
0cd26ab5
7c8df1ca
5178a8fd
f7ba2ec7
68e28773
e0afbf88
d0e93b70
90772467
3e8c6da4
5a64a2c5
71ba6fa0
e9dc22a2
a0677966
e688a9ce
35088dd5
2eaf2741
e70d468f
992e0aeb
cb74cc8b
360f2535
b6306259
3ac71da7
aa1fd0fe
055043be
b203abba
870f5a01
15c0d581
9d17acf8
f0c2a516
9f97875d
4d79a5a8
b8c9f6ef
bbf400c1
b24a9f0e
c442bf4d
810c2c85
2c25a364
c96d76fe
3c62f5db
d6b5516c
b924dbfe
8c7b07bf
a23e3837
0c7b2973
950c33c8
7c180ac1
2da3ed81
bb8e324d
614be243
8db8ac9d
9febbf8c
8d3ed660
5299287f
acdf8e45
377bea4c
9df36fcd
04be4ea9
67f58af2
da4b87b2
d432c268
168f70d0
8678a6d8
95cc48cc
85ba2576
c76c203c
d9daf108
7fc9c5aa
993fc979
ee80e8e2
106623f6
4f3a305c
59ad3cae
b3d41ad2
bde6b7fa
536c6489
1ec30d1b
95cd70f9
4b9edd33
d956b431
93ea54a8
6aa089ff
eaa2b740
5065dfda
438a8159
c1db870a
5127d775
65321fc8
98258319
e8d74f8e
0550d33e
35210c4a
d483021d
53b8d363
affda721
47245a16
51b1a327
508d9b4a
4a234de3
410ba6c5
f202b224
df86bf52
7edb315e
637a4834
5d87fc2f
2d8bdbef
10cc5426
743707e1
1937ee0e
42642987
8007add3
f275750a
cb0f4b72
f81f4986
86b5473c
9b2c5d86
e9307070
0c53c1b9
e73b4a64
0485dfee
1085d13d
a1c12c73
fe7bcb10
99ff5935
f8dde0d2
29778363
8c703618
35591ee6
68da44df
6464ef81
2ffa3f2c
b19247b7
6e80db8e
c3a30421
3b9ea300
28ca5fd7
528c8594
8f612c02
04008e3d
90856866
f00f5203
e118ab4e
060f086a
5ea3a7e1
753045aa
dbc2afbb
b2ff85cd
4a8febfd
2fddf7da
a75fd876
dc606b85
a9ed7c89
552775f3
9c101dee
1f7cffb7
aa3045ea
6945b88d
a92aad7a
e27a2961
dbbead5c
ab6385f9
04ee722b
f2d519f6
cf5475f1
54f86b5b
35fa5e6d
fb33ffad
a84f9ee5
ae4bc835
6e71c8ce
17d62c67
9a17f9e7
11a50ceb
499b369c
aed83688
3c223ede
fa8fef74
3b72a494
d0bdd0a2
9c50a30a
65d10653
09c5e965
7c840341
17686bb9
34fa948b
3b66dbe2
379ea565
cc68227d
5d35854e
98376373
f962ce23
74ca6339
00788345
98ccd2e7
5a767213
a18011ab
0e25269f
bd943bec
a6545341
295f382f
cde2772f
70d78eb3
5dadf822
b4040a42
b7efdd04
a42a8129
58fe5342
b4a97948
199eb603
d9e52cf5
2022c556
615fcfe0
32f50b92
d8d6ca5b
0c8762b8
d6b598d2
acb92460
009a7668
07249702
88d6258f
e0c0e3cc
e919522b
6ed70f2f
820968e1
5b7cc94f
575cf2c7
ea8bb7bf
ecf40880
b0c096be
1a6bc3aa
1bf256e9
eaa9ab70
3576d72b
807ec431
d69ce5a6
781518f4
b3db02e2
20fd5342
41a8ac4e
de464bec
f8725a5d
1980dae7
c69d6639
d1722663
7fa5d069
8df4a083
e4c86155
4c26ba6e
ca4d25a7
19e1fc91
6a016c74
2c2d5958
9a60c215
037831f9
284e19d7
a5fa6314
3d65cadb
4ae70d0a
9bfca024
1cf04742
549db45a
9cc2801b
35310d5f
a03e28dc
485862e0
431c178f
583ae27c
902a036e
8ec0870b
4d199411
e4dc28f5
57b27b89
7a69ab06
edef901f
494f02f8
42a69139
6ef3aa42
f00fef8b
7faa7ab0
a1c12411
80fe041a
7fc47a4e
d5393c43
c6f67c78
06d20b54
124faabd
0dc896cd
63c2bd22
ea75c680
94db1ea2
c165c935
cf7b270d
bf14cd55
1de6fa01
92b02d37
1a8fcc6b
08c08704
159836c3
87267bb4
98b06507
7c67879c
8b3fd87e
74133f37
94b59820
11e41c9c
c36df8fd
2162a1a6
b2b51bda
243ba7ee
2d22fd2c
772cb56a
6d7e9a3e
b491ec7d
0e0e33d3
325899b5
f231ce5b
fe147565
6cd5d03a
ef812f31
f92dad64
f53f9a16
7ccdbfb8
552230fc
ac754b5b
35b7ff23
3369c332
14ba7487
66ac85f8
521795fc
a5e49eb5
092b09f2
88b20f89
9c82a920
05650425
e52541c2
2819579e
70de18f4
abe9b44e
825ef971
1c607c73
b3dc5b9d
9c2a0312
76aee4f1
ae44511d
7de913f1
5cea90ae
69007528
abedaea6
cd161452
52bb3146
e80da4ed
3f93335a
63457784
baba1321
ff72b818
bf58b772
4cd50c5e
ec55aef3
1a121155
850c8fab
fdc9f6ee
57a6d603
5b1abff0
027a193a
bbd22691
182f2af9
7cfc1a01
1aa5aee5
2d6dd4bd
192eecd9
63ad17cf
408527b1
39ab8845
4de67a6c
713010d0
632fd67d
f38f8674
17e38dd0
129f25b7
c4388234
39ffbd6d
dc4616b6
3b3eabd9
885f4747
6fb17bbd
e940b3a8
9c471099
21d81290
bc4dcdc2
ca51354e
223c5e06
45f09441
ebcf4088
06161d8c
008957e9
cf65bdcb
8ba731dc
b64d4a7a
8fed131b
225333fa
aaf18c2d
0629ffa0
7a5bb01b
9f092ebc
ed66a3eb
a93d82f6
5dd40b5d
2adaadb0
546c305c
d686312a
06ed9c74
aca88a4f
0671b787
71497878
b04b0fd5
b85ab521
e0ca296c
11f88521
3f9f052d
39018237
f7bd4ed2
f8779bac
23a09c8b
3f984074
fd765e8c
fd642be9
3abbf79e
4bd720ef
3fc8d22d
ec2e7443
cb5333c9
287bd4a3
0e698811
c2319d5c
ccbfcdf7
99e0c2d3
1089309f
e4a02741
3ed07d2b
411e64c6
ba0e797c
d7da9650
3c2502d9
669db5c1
7d2b4d82
2d3d2438
06b06634
93f6f7d7
6b26ccc6
02f46657
71a3c239
94a77353
1ede8b1c
ef6fca15
3c5350e1
0de6bc09
da356da3
ddf67e24
51f32110
0937c57a
d99c6d23
9bfbedfb
e3917e60
39edfe35
f385e35c
9f2580fc
46a5cbd6
f1872f29
7f7ab290
f1a65aca
479388c1
9c51848f
bd22b267
8fb7978e
9ab8f5bf
4d5df88b
07649ec2
da39b1be
fff1a6cd
6e44230c
4ec3851b
1a7030e8
19f13710
b69c37fb
1cd8add5
d6fbd682
cc3caeee
b4f4b247
319c16fd
74ee1dd9
92ee0a5d
8e8fe968
5ada10b6
629e6901
cc080f67
76e3a917
578f9a99
32e5e9da
0270d73a
622a3a3a
493e8f4a
ea5041f8
0a17bda8
c24487f3
2a5935f9
72481325
9364df55
6816fada
20f58842
f159f85b
4480f34b
8879a038
eae842fb
c1faa61e
8c527bdb
b08d689e
4ad58a0c
835b25ef
110649c5
bb448009
f2650ed0
3808f4b6
b1523d06
35910c53
5a616f9a
3fb88f55
26611170
58735f1b
5abe662d
e01e4e91
412466a6
6dd839d2
08a6abb0
f1b5045f
e179b616
bd06af3c
def82424
c618756d
c60da88d
bd1063a0
9320f89a
aa35c77f
9ef1a0ca
7f1f7d25
4c90ec28
e7a35f93
bf319904
a86783fd
fdd46f66
52625546
420f5cc5
3f375f3f
39dd6996
454cb17c
2871d284
d7d9b735
9fdd1e35
c75dcecc
d3adb557
7571b3cc
0cc54fa1
8fe15f9e
fc2cd968
437d3331
6dab5b49
e4d6b98f
ee4bd950
0d842ad5
d2efd10c
b839e995
b082266d
84a21242
6fb551a1
51d8aee9
a4c9e402
8d10372b
6c453928
f3df6910
ff776eb1
1f7ab113
5a6dc4df
38e43c31
0b710bc5
eff35e2c
33b504e3
ca5690eb
2dd0c823
effc0181
d72b86d9
0be1957e
5d27a4d8
51e572b5
884f64b6
12bb8361
8d953322
d8ef1503
610ed6f1
618b0703
1a8e59ec
20f14761
4122a8be
a9270673
3d04103e
938068a5
3d785840
7a496959
b56a1f1f
e0a02623
8c5447ff
53681425
1ff84c33
a03b4a3c
779a9424
d2ea76a0
a01ab7ec
04e2b617
2793f142
0744ff0d
77344d5a
eef2e110
4968bd55
b5bde351
0d0d4656
718fe4c4
e576dc0f
6e2fdbb9
27087d9d
10465396
0855accf
cdc80879
902241e4
022d1655
c94bec87
fbd1fa03
1a121780
559fba75
80bfec7e
8e53a6ef
9148cffe
6c97cfc0
da029263
81580705
0ac80efa
9268c82e
feb7991b
55569246
a4f74e22
217257c4
73a0d1bd
d5a9a6d5
23cde2f5
a5025b1d
fe7eea29
b1278743
df262017
56b9f9e6
31bac24e
1a8a1f04
09442b6e
752e171f
fa8cf513
2f298652
418224ed
071c4366
f3a5732a
0ed31414
db7249f2
2269b10e
c278e273
9137ffb5
7ca60f9e
3de6433c
b86b21c1
c6e28fe1
d5f3aa4f
531a3605
0b0f94cc
8c597a8a
e79dfc77
3ae71e37
bf2f28bd
d1c17761
e8d3f1c0
60f8e0ba
7c23b01a
fc5f54ce
3ed4945f
1b4da552
ac43188b
35056949
08c03507
d739af5c
33233d97
ea9eb628
cd6e35fc
7df48c10
656b8f69
91a0be70
7d1eaf9e
82151957
7faed9dd
b8b0cd45
b6f66d5c
4537168b
c9d7611b
e36478a2
71d5aa48
7f62a3c4
